// Jest Snapshot v1, https://goo.gl/fbAQLP

exports[`Check Basic Layout  snapshot should match the snapshot 1`] = `
<div
  className="MuiGrid-root makeStyles-root-1 MuiGrid-container MuiGrid-align-items-xs-center MuiGrid-justify-xs-space-around"
>
  <div
    className="MuiGrid-root MuiGrid-item MuiGrid-grid-xs-12 MuiGrid-grid-sm-6 MuiGrid-grid-md-4 MuiGrid-grid-lg-4 MuiGrid-grid-xl-4"
  >
    <div
      className="MuiPaper-root makeStyles-paper-2 MuiPaper-elevation0 MuiPaper-rounded"
    >
      <h1
        className="MuiTypography-root MuiTypography-h3 MuiTypography-colorPrimary"
      >
        This is basicLayout headding
      </h1>
      <br />
      <h5
        className="MuiTypography-root MuiTypography-h5 MuiTypography-colorSecondary"
      >
        This is basicLayout sub-headding
      </h5>
    </div>
  </div>
  <div
    className="MuiGrid-root MuiGrid-item MuiGrid-grid-xs-12 MuiGrid-grid-sm-6 MuiGrid-grid-md-4 MuiGrid-grid-lg-4 MuiGrid-grid-xl-4"
  >
    <div
      className="MuiPaper-root makeStyles-paper-2 MuiPaper-elevation0 MuiPaper-rounded"
    >
      <p
        className="MuiTypography-root makeStyles-text-3 MuiTypography-body1 MuiTypography-displayInline"
      >
        <a
          aria-disabled={false}
          className="MuiButtonBase-root MuiButton-root MuiButton-contained MuiButton-containedPrimary"
          href="https://github.com/"
          onBlur={[Function]}
          onDragLeave={[Function]}
          onFocus={[Function]}
          onKeyDown={[Function]}
          onKeyUp={[Function]}
          onMouseDown={[Function]}
          onMouseLeave={[Function]}
          onMouseUp={[Function]}
          onTouchEnd={[Function]}
          onTouchMove={[Function]}
          onTouchStart={[Function]}
          tabIndex={0}
        >
          <span
            className="MuiButton-label"
          >
            SignUP
          </span>
        </a>
      </p>
    </div>
  </div>
</div>
`;
