// Jest Snapshot v1, https://goo.gl/fbAQLP

exports[`dashboard/index page tests should match the snapshot 1`] = `
<div
  className="MuiPaper-root MuiPaper-elevation0 MuiPaper-rounded"
>
  <div
    className="MuiGrid-root makeStyles-root-1 MuiGrid-container MuiGrid-align-items-xs-center MuiGrid-justify-xs-space-around"
  >
    <div
      className="MuiGrid-root MuiGrid-item MuiGrid-grid-xs-12 MuiGrid-grid-sm-6 MuiGrid-grid-md-4 MuiGrid-grid-lg-4 MuiGrid-grid-xl-4"
    >
      <div
        className="MuiPaper-root makeStyles-paper-2 MuiPaper-elevation0 MuiPaper-rounded"
      >
        <h1
          className="MuiTypography-root MuiTypography-h3 MuiTypography-colorPrimary"
        >
          dashboard-index:GREETING
        </h1>
        <br />
        <h5
          className="MuiTypography-root MuiTypography-h5 MuiTypography-colorSecondary"
        >
          dashboard-index:CONNECT_GITHUB
        </h5>
      </div>
    </div>
    <div
      className="MuiGrid-root MuiGrid-item MuiGrid-grid-xs-12 MuiGrid-grid-sm-6 MuiGrid-grid-md-4 MuiGrid-grid-lg-4 MuiGrid-grid-xl-4"
    >
      <div
        className="MuiPaper-root makeStyles-paper-2 MuiPaper-elevation0 MuiPaper-rounded"
      >
        <p
          className="MuiTypography-root makeStyles-text-3 MuiTypography-body1 MuiTypography-displayInline"
        >
          <div
            className="MuiCircularProgress-root MuiCircularProgress-colorPrimary MuiCircularProgress-indeterminate"
            role="progressbar"
            style={
              Object {
                "height": 40,
                "width": 40,
              }
            }
          >
            <svg
              className="MuiCircularProgress-svg"
              viewBox="22 22 44 44"
            >
              <circle
                className="MuiCircularProgress-circle MuiCircularProgress-circleIndeterminate"
                cx={44}
                cy={44}
                fill="none"
                r={20.2}
                strokeWidth={3.6}
                style={Object {}}
              />
            </svg>
          </div>
        </p>
      </div>
    </div>
  </div>
</div>
`;

exports[`dashboard/index page tests should match the snapshot with token error 1`] = `null`;

exports[`dashboard/index page tests should match the snapshot with user 1`] = `null`;

exports[`dashboard/index page tests should match the snapshot with user vcs network error 1`] = `null`;
