// Jest Snapshot v1, https://goo.gl/fbAQLP

exports[`dashboard/success page tests should match the snapshot 1`] = `
<div
  className="MuiPaper-root MuiPaper-elevation0 MuiPaper-rounded"
>
  <div
    className="MuiGrid-root makeStyles-root-1 MuiGrid-container MuiGrid-align-items-xs-center MuiGrid-justify-xs-space-around"
  >
    <div
      className="MuiGrid-root MuiGrid-item MuiGrid-grid-xs-12 MuiGrid-grid-sm-6 MuiGrid-grid-md-4 MuiGrid-grid-lg-4 MuiGrid-grid-xl-4"
    >
      <div
        className="MuiPaper-root makeStyles-paper-2 MuiPaper-elevation0 MuiPaper-rounded"
      >
        <h1
          className="MuiTypography-root MuiTypography-h3 MuiTypography-colorPrimary"
        >
          Success
        </h1>
        <br />
        <h5
          className="MuiTypography-root MuiTypography-h5 MuiTypography-colorSecondary"
        >
          Alfred has cloned your app repository
        </h5>
      </div>
    </div>
    <div
      className="MuiGrid-root MuiGrid-item MuiGrid-grid-xs-12 MuiGrid-grid-sm-6 MuiGrid-grid-md-4 MuiGrid-grid-lg-4 MuiGrid-grid-xl-4"
    >
      <div
        className="MuiPaper-root makeStyles-paper-2 MuiPaper-elevation0 MuiPaper-rounded"
      >
        <p
          className="MuiTypography-root makeStyles-text-3 MuiTypography-body1 MuiTypography-displayInline"
        >
          
        </p>
      </div>
    </div>
  </div>
</div>
`;
